⚠ Warning: Next.js inferred your workspace root, but it may not be correct.
 We detected multiple lockfiles and selected the directory of D:\lms\package-lock.json as the root directory.
 To silence this warning, set `turbopack.root` in your Next.js config, or consider removing one of the lockfiles if it's not needed.
   See https://nextjs.org/docs/app/api-reference/config/next-config-js/turbopack#root-directory for more information.
 Detected additional lockfiles: 
   * D:\lms\lms\package-lock.json

▲ Next.js 16.2.7 (Turbopack)
- Environments: .env

  Creating an optimized production build ...
✓ Compiled successfully in 48s
  Running TypeScript ...
  Finished TypeScript in 8.8s ...
  Collecting page data using 3 workers ...
  Generating static pages using 3 workers (0/8) ...
  Generating static pages using 3 workers (2/8) 
  Generating static pages using 3 workers (4/8) 
  Generating static pages using 3 workers (6/8) 
✓ Generating static pages using 3 workers (8/8) in 806ms
  Finalizing page optimization ...

Route (app)
┌ ○ /
├ ○ /_not-found
├ ○ /admin
├ ○ /admin/login
├ ○ /courses
├ ƒ /courses/[slug]
└ ○ /repository


○  (Static)   prerendered as static content
ƒ  (Dynamic)  server-rendered on demand

